// Jest Snapshot v1, https://goo.gl/fbAQLP

exports[`portalColors — snapshots CONTRACT_STATUS_COLORS correspond au snapshot 1`] = `
{
  "ACTIVE": "#22C55E",
  "EXPIRED": "#6B7280",
  "TERMINATED": "#EF4444",
}
`;

exports[`portalColors — snapshots CONTRACT_STATUS_LABELS correspond au snapshot 1`] = `
{
  "ACTIVE": "Actif",
  "EXPIRED": "Expiré",
  "TERMINATED": "Résilié",
}
`;

exports[`portalColors — snapshots INVOICE_STATUS_COLORS correspond au snapshot 1`] = `
{
  "CANCELLED": "#6B7280",
  "DRAFT": "#6B7280",
  "OVERDUE": "#EF4444",
  "PAID": "#22C55E",
  "PARTIALLY_PAID": "#F59E0B",
  "SENT": "#3B82F6",
}
`;

exports[`portalColors — snapshots INVOICE_STATUS_LABELS correspond au snapshot 1`] = `
{
  "CANCELLED": "Annulée",
  "DRAFT": "Brouillon",
  "OVERDUE": "En retard",
  "PAID": "Payée",
  "PARTIALLY_PAID": "Part. payée",
  "SENT": "Envoyée",
}
`;

exports[`portalColors — snapshots NEW_TICKET_PRIORITIES correspond au snapshot 1`] = `
[
  {
    "color": "#6B7280",
    "label": "Faible",
    "value": "LOW",
  },
  {
    "color": "#3B82F6",
    "label": "Moyen",
    "value": "MEDIUM",
  },
  {
    "color": "#F59E0B",
    "label": "Élevé",
    "value": "HIGH",
  },
]
`;

exports[`portalColors — snapshots SUBSCRIPTION_STATUS_COLORS correspond au snapshot 1`] = `
{
  "ACTIVE": "#22C55E",
  "CANCELLED": "#EF4444",
  "EXPIRED": "#6B7280",
  "INACTIVE": "#6B7280",
  "PENDING": "#F59E0B",
  "SUSPENDED": "#F97316",
}
`;

exports[`portalColors — snapshots SUBSCRIPTION_STATUS_LABELS correspond au snapshot 1`] = `
{
  "ACTIVE": "Actif",
  "CANCELLED": "Annulé",
  "EXPIRED": "Expiré",
  "INACTIVE": "Inactif",
  "PENDING": "En attente",
  "SUSPENDED": "Suspendu",
}
`;

exports[`portalColors — snapshots TICKET_PRIORITY_COLORS correspond au snapshot 1`] = `
{
  "CRITICAL": "#EF4444",
  "HIGH": "#F59E0B",
  "LOW": "#6B7280",
  "MEDIUM": "#3B82F6",
}
`;

exports[`portalColors — snapshots TICKET_PRIORITY_LABELS correspond au snapshot 1`] = `
{
  "CRITICAL": "Critique",
  "HIGH": "Élevé",
  "LOW": "Faible",
  "MEDIUM": "Moyen",
}
`;

exports[`portalColors — snapshots TICKET_STATUS_COLORS correspond au snapshot 1`] = `
{
  "CLOSED": "#6B7280",
  "IN_PROGRESS": "#F59E0B",
  "OPEN": "#3B82F6",
  "RESOLVED": "#22C55E",
  "WAITING_CLIENT": "#8B5CF6",
}
`;

exports[`portalColors — snapshots TICKET_STATUS_LABELS correspond au snapshot 1`] = `
{
  "CLOSED": "Fermé",
  "IN_PROGRESS": "En cours",
  "OPEN": "Ouvert",
  "RESOLVED": "Résolu",
  "WAITING_CLIENT": "En attente",
}
`;
